// Vitest Snapshot v1, https://vitest.dev/guide/snapshot.html

exports[`risk sheet > matches the snapshot 1`] = `
[
  {
    "assetId": "usdc",
    "creditExposure": "Circle reserves",
    "depthNote": "no depth observation yet",
    "gates": [],
    "haircutRule": null,
    "haircutYield": null,
    "issuer": "Circle",
    "label": null,
    "oracle": "n/a (unit)",
    "provenance": "live",
    "quotedYield": null,
    "redemptionPath": "hold; Circle primary for institutions",
    "redemptionTime": "instant on DEX",
    "yieldFetchedAt": null,
    "yieldSource": null,
  },
  {
    "assetId": "usdt",
    "creditExposure": "Tether reserves",
    "depthNote": "no depth observation yet",
    "gates": [],
    "haircutRule": null,
    "haircutYield": null,
    "issuer": "Tether",
    "label": "funding asset, converted to USDC before allocation",
    "oracle": "n/a (unit)",
    "provenance": "live",
    "quotedYield": null,
    "redemptionPath": "swap to USDC via Jupiter",
    "redemptionTime": "instant on DEX",
    "yieldFetchedAt": null,
    "yieldSource": null,
  },
  {
    "assetId": "kamino-usdc",
    "creditExposure": "over-collateralised borrowers of the main market; smart-contract risk",
    "depthNote": null,
    "gates": [],
    "haircutRule": "HC-LEND-VAR",
    "haircutYield": 0.03,
    "issuer": "Kamino Finance (protocol)",
    "label": null,
    "oracle": "Scope / Pyth (Kamino reserve config)",
    "provenance": "fixture",
    "quotedYield": 0.04,
    "redemptionPath": "withdraw from reserve D6q6wuQSrifJKZYpR1M8R4YawnLDtDsMmWM1NbBmgJ59",
    "redemptionTime": "instant while reserve has liquidity; utilisation-gated",
    "yieldFetchedAt": "T",
    "yieldSource": "fixture://protocol_api",
  },
  {
    "assetId": "syrupusdc",
    "creditExposure": "institutional over-collateralised loans (Syrup pool)",
    "depthNote": "no depth observation yet",
    "gates": [
      "bridged asset: Solana liquidity depends on DEX depth",
    ],
    "haircutRule": null,
    "haircutYield": null,
    "issuer": "Maple Finance",
    "label": null,
    "oracle": "pool exchange rate (Ethereum) / Jupiter price",
    "provenance": "live",
    "quotedYield": null,
    "redemptionPath": "Jupiter DEX on Solana; primary redemption on Ethereum without KYC",
    "redemptionTime": "instant on DEX; primary queue on Ethereum",
    "yieldFetchedAt": null,
    "yieldSource": null,
  },
  {
    "assetId": "usdy",
    "creditExposure": "short-dated US Treasuries and bank deposits (tokenized note)",
    "depthNote": "no depth observation yet",
    "gates": [
      "primary redemption: KYC, non-US persons, minimum size",
      "Brazil listed as restricted jurisdiction for primary access (Ondo eligibility)",
    ],
    "haircutRule": "HC-REALISED",
    "haircutYield": 0.045000000000000005,
    "issuer": "Ondo Finance",
    "label": null,
    "oracle": "USDY price oracle (accrues by price)",
    "provenance": "fixture",
    "quotedYield": 0.05,
    "redemptionPath": "Jupiter DEX (secondary); primary mint/redeem needs KYC, non-US, minimum",
    "redemptionTime": "instant on DEX; primary T+ days",
    "yieldFetchedAt": "T",
    "yieldSource": "fixture://realised_30d",
  },
  {
    "assetId": "spyx",
    "creditExposure": "issuer SPV holding the underlying ETF",
    "depthNote": "$5,000: 0.010% impact (jupiter_quote_exact_in_usdc, 2026-09-30T20:00:00.000Z)",
    "gates": [
      "front-ends geo-block US/UK/CA/AU; token moves freely",
      "primary redemption 24/5 with KYC and a minimum (xStocks FAQ)",
      "Token-2022 permanentDelegate: issuer can move tokens",
      "Token-2022 pausable and transferHook extensions",
    ],
    "haircutRule": "HC-EQUITY-ZERO",
    "haircutYield": 0,
    "issuer": "Backed Finance (xStocks)",
    "label": null,
    "oracle": "Chainlink 24/5 equities streams / Jupiter price",
    "provenance": "fixture",
    "quotedYield": 0,
    "redemptionPath": "Jupiter DEX 24/7; primary redemption 24/5 via issuer",
    "redemptionTime": "instant on DEX (thin weekends); primary T+ days",
    "yieldFetchedAt": "T",
    "yieldSource": "fixture://by_construction",
  },
  {
    "assetId": "qqqx",
    "creditExposure": "issuer SPV holding the underlying ETF",
    "depthNote": "no depth observation yet",
    "gates": [
      "front-ends geo-block US/UK/CA/AU; token moves freely",
      "primary redemption 24/5 with KYC and a minimum (xStocks FAQ)",
      "Token-2022 permanentDelegate: issuer can move tokens",
      "Token-2022 pausable and transferHook extensions",
    ],
    "haircutRule": null,
    "haircutYield": null,
    "issuer": "Backed Finance (xStocks)",
    "label": null,
    "oracle": "Chainlink 24/5 equities streams / Jupiter price",
    "provenance": "live",
    "quotedYield": null,
    "redemptionPath": "Jupiter DEX 24/7; primary redemption 24/5 via issuer",
    "redemptionTime": "instant on DEX (thin weekends); primary T+ days",
    "yieldFetchedAt": null,
    "yieldSource": null,
  },
  {
    "assetId": "brl-leg",
    "creditExposure": "issuer of the BRL stablecoin (to be set at gate G-Nora)",
    "depthNote": null,
    "gates": [
      "primary mint limited to approved minters",
    ],
    "haircutRule": "HC-BRL-ZERO",
    "haircutYield": 0,
    "issuer": null,
    "label": "BRS mint via Nora: integration in progress",
    "oracle": "n/a (1:1 BRL)",
    "provenance": "live",
    "quotedYield": 0,
    "redemptionPath": "issuer redeem to USDC (to be set at gate G-Nora)",
    "redemptionTime": "to be set at gate G-Nora",
    "yieldFetchedAt": "T",
    "yieldSource": "fixture://by_construction",
  },
]
`;
